
> Considerate Analytics@0.2.0 dev /home/alex/carbon_analytics/analytics
> vite dev


  VITE v5.3.1  ready in 725 ms

  ➜  Local:   http://localhost:3001/
  ➜  Network: use --host to expose
